{
    "cellrangeratac - scATAC fragments - stub": {
        "content": [
            {
                "0": [
                    
                ],
                "1": [
                    
                ],
                "2": [
                    
                ],
                "3": [
                    
                ],
                "4": [
                    
                ],
                "arrowfile": [
                    
                ],
                "arrowmetadata": [
                    
                ],
                "qualitycontrolplots": [
                    
                ],
                "session_info": [
                    
                ],
                "versions": [
                    
                ]
            }
        ],
        "meta": {
            "nf-test": "0.8.4",
            "nextflow": "24.02.0"
        },
        "timestamp": "2024-03-20T13:47:46.043952312"
    },
    "createarrowfiles scATAC": {
        "content": [
            {
                "0": [
                    
                ],
                "1": [
                    
                ],
                "2": [
                    
                ],
                "3": [
                    
                ],
                "4": [
                    
                ],
                "arrowfile": [
                    
                ],
                "arrowmetadata": [
                    
                ],
                "qualitycontrolplots": [
                    
                ],
                "session_info": [
                    
                ],
                "versions": [
                    
                ]
            }
        ],
        "meta": {
            "nf-test": "0.8.4",
            "nextflow": "24.02.0"
        },
        "timestamp": "2024-03-20T14:00:50.519933396"
    }
}